folder_one/one.js 0c9b71f364d1b4a0da2037c8d663abb778b4b865
