test.js ae78d9691fd3c5cf6c14e0e6ad2bba3c09991545
test2.js 1097e0f6d57f485cca733b93e02903e1969f9e86
