folder_one/one.js 0c9b71f364d1b4a0da2037c8d663abb778b4b865
folder_two/two.js 9971ef6e49cf03ae10f142377dcf12e69a6d4063
test.js ae78d9691fd3c5cf6c14e0e6ad2bba3c09991545
test2.js 1097e0f6d57f485cca733b93e02903e1969f9e86
